
> @agentmesh/server-lite@0.0.0 test /Users/friday/Downloads/Agent_mesh/server-lite
> vitest run


 RUN  v2.1.9 /Users/friday/Downloads/Agent_mesh/server-lite

[32m[Nest] 77876  - [39m06/19/2026, 3:25:20 PM [32m    LOG[39m [38;5;3m[NestFactory] [39m[32mStarting Nest application...[39m
[32m[Nest] 77876  - [39m06/19/2026, 3:25:20 PM [32m    LOG[39m [38;5;3m[InstanceLoader] [39m[32mAppModule dependencies initialized[39m[38;5;3m +5ms[39m
[32m[Nest] 77876  - [39m06/19/2026, 3:25:20 PM [32m    LOG[39m [38;5;3m[InstanceLoader] [39m[32mServeStaticModule dependencies initialized[39m[38;5;3m +0ms[39m
[32m[Nest] 77876  - [39m06/19/2026, 3:25:20 PM [32m    LOG[39m [38;5;3m[InstanceLoader] [39m[32mRestModule dependencies initialized[39m[38;5;3m +1ms[39m
[32m[Nest] 77876  - [39m06/19/2026, 3:25:20 PM [32m    LOG[39m [38;5;3m[RoutesResolver] [39m[32mWorkflowResource {/api/workflow}:[39m[38;5;3m +12ms[39m
[32m[Nest] 77876  - [39m06/19/2026, 3:25:20 PM [32m    LOG[39m [38;5;3m[RouterExplorer] [39m[32mMapped {/api/workflow, POST} route[39m[38;5;3m +1ms[39m
[32m[Nest] 77876  - [39m06/19/2026, 3:25:20 PM [32m    LOG[39m [38;5;3m[RouterExplorer] [39m[32mMapped {/api/workflow/execute/:name/:version, POST} route[39m[38;5;3m +0ms[39m
[32m[Nest] 77876  - [39m06/19/2026, 3:25:20 PM [32m    LOG[39m [38;5;3m[RouterExplorer] [39m[32mMapped {/api/workflow/:name, POST} route[39m[38;5;3m +0ms[39m
[32m[Nest] 77876  - [39m06/19/2026, 3:25:20 PM [32m    LOG[39m [38;5;3m[RouterExplorer] [39m[32mMapped {/api/workflow/search, GET} route[39m[38;5;3m +0ms[39m
[32m[Nest] 77876  - [39m06/19/2026, 3:25:20 PM [32m    LOG[39m [38;5;3m[RouterExplorer] [39m[32mMapped {/api/workflow/:workflowId/tasks, GET} route[39m[38;5;3m +1ms[39m
[32m[Nest] 77876  - [39m06/19/2026, 3:25:20 PM [32m    LOG[39m [38;5;3m[RouterExplorer] [39m[32mMapped {/api/workflow/:workflowId, GET} route[39m[38;5;3m +0ms[39m
[32m[Nest] 77876  - [39m06/19/2026, 3:25:20 PM [32m    LOG[39m [38;5;3m[RouterExplorer] [39m[32mMapped {/api/workflow/running/:name, GET} route[39m[38;5;3m +0ms[39m
[32m[Nest] 77876  - [39m06/19/2026, 3:25:20 PM [32m    LOG[39m [38;5;3m[RouterExplorer] [39m[32mMapped {/api/workflow/:workflowId/decide, PUT} route[39m[38;5;3m +0ms[39m
[32m[Nest] 77876  - [39m06/19/2026, 3:25:20 PM [32m    LOG[39m [38;5;3m[RouterExplorer] [39m[32mMapped {/api/workflow/:workflowId/pause, PUT} route[39m[38;5;3m +0ms[39m
[32m[Nest] 77876  - [39m06/19/2026, 3:25:20 PM [32m    LOG[39m [38;5;3m[RouterExplorer] [39m[32mMapped {/api/workflow/:workflowId/resume, PUT} route[39m[38;5;3m +0ms[39m
[32m[Nest] 77876  - [39m06/19/2026, 3:25:20 PM [32m    LOG[39m [38;5;3m[RouterExplorer] [39m[32mMapped {/api/workflow/:workflowId/rerun, POST} route[39m[38;5;3m +0ms[39m
[32m[Nest] 77876  - [39m06/19/2026, 3:25:20 PM [32m    LOG[39m [38;5;3m[RouterExplorer] [39m[32mMapped {/api/workflow/:workflowId/restart, POST} route[39m[38;5;3m +0ms[39m
[32m[Nest] 77876  - [39m06/19/2026, 3:25:20 PM [32m    LOG[39m [38;5;3m[RouterExplorer] [39m[32mMapped {/api/workflow/:workflowId/retry, POST} route[39m[38;5;3m +0ms[39m
[32m[Nest] 77876  - [39m06/19/2026, 3:25:20 PM [32m    LOG[39m [38;5;3m[RouterExplorer] [39m[32mMapped {/api/workflow/:workflowId/resetcallbacks, POST} route[39m[38;5;3m +0ms[39m
[32m[Nest] 77876  - [39m06/19/2026, 3:25:20 PM [32m    LOG[39m [38;5;3m[RouterExplorer] [39m[32mMapped {/api/workflow/:workflowId, DELETE} route[39m[38;5;3m +0ms[39m
[32m[Nest] 77876  - [39m06/19/2026, 3:25:20 PM [32m    LOG[39m [38;5;3m[RouterExplorer] [39m[32mMapped {/api/workflow/:workflowId/remove, DELETE} route[39m[38;5;3m +0ms[39m
[32m[Nest] 77876  - [39m06/19/2026, 3:25:20 PM [32m    LOG[39m [38;5;3m[RouterExplorer] [39m[32mMapped {/api/workflow/:workflowId/terminate-remove, DELETE} route[39m[38;5;3m +0ms[39m
[32m[Nest] 77876  - [39m06/19/2026, 3:25:20 PM [32m    LOG[39m [38;5;3m[RoutesResolver] [39m[32mTaskResource {/api/tasks}:[39m[38;5;3m +0ms[39m
[32m[Nest] 77876  - [39m06/19/2026, 3:25:20 PM [32m    LOG[39m [38;5;3m[RouterExplorer] [39m[32mMapped {/api/tasks/poll/:taskType, GET} route[39m[38;5;3m +1ms[39m
[32m[Nest] 77876  - [39m06/19/2026, 3:25:20 PM [32m    LOG[39m [38;5;3m[RouterExplorer] [39m[32mMapped {/api/tasks/poll/batch/:taskType, GET} route[39m[38;5;3m +0ms[39m
[32m[Nest] 77876  - [39m06/19/2026, 3:25:20 PM [32m    LOG[39m [38;5;3m[RouterExplorer] [39m[32mMapped {/api/tasks/in_progress/:taskType, GET} route[39m[38;5;3m +0ms[39m
[32m[Nest] 77876  - [39m06/19/2026, 3:25:20 PM [32m    LOG[39m [38;5;3m[RouterExplorer] [39m[32mMapped {/api/tasks/in_progress/workflow/:workflowId, GET} route[39m[38;5;3m +0ms[39m
[32m[Nest] 77876  - [39m06/19/2026, 3:25:20 PM [32m    LOG[39m [38;5;3m[RouterExplorer] [39m[32mMapped {/api/tasks, POST} route[39m[38;5;3m +0ms[39m
[32m[Nest] 77876  - [39m06/19/2026, 3:25:20 PM [32m    LOG[39m [38;5;3m[RouterExplorer] [39m[32mMapped {/api/tasks/:taskId/log, POST} route[39m[38;5;3m +0ms[39m
[32m[Nest] 77876  - [39m06/19/2026, 3:25:20 PM [32m    LOG[39m [38;5;3m[RouterExplorer] [39m[32mMapped {/api/tasks/:taskId/log, GET} route[39m[38;5;3m +0ms[39m
[32m[Nest] 77876  - [39m06/19/2026, 3:25:20 PM [32m    LOG[39m [38;5;3m[RouterExplorer] [39m[32mMapped {/api/tasks/:taskId, GET} route[39m[38;5;3m +0ms[39m
[32m[Nest] 77876  - [39m06/19/2026, 3:25:20 PM [32m    LOG[39m [38;5;3m[RouterExplorer] [39m[32mMapped {/api/tasks/queue/requeue/:taskType, POST} route[39m[38;5;3m +0ms[39m
[32m[Nest] 77876  - [39m06/19/2026, 3:25:20 PM [32m    LOG[39m [38;5;3m[RouterExplorer] [39m[32mMapped {/api/tasks/queue/all, GET} route[39m[38;5;3m +0ms[39m
[32m[Nest] 77876  - [39m06/19/2026, 3:25:20 PM [32m    LOG[39m [38;5;3m[RouterExplorer] [39m[32mMapped {/api/tasks/queue/all/verbose, GET} route[39m[38;5;3m +0ms[39m
[32m[Nest] 77876  - [39m06/19/2026, 3:25:20 PM [32m    LOG[39m [38;5;3m[RouterExplorer] [39m[32mMapped {/api/tasks/queue/size, GET} route[39m[38;5;3m +0ms[39m
[32m[Nest] 77876  - [39m06/19/2026, 3:25:20 PM [32m    LOG[39m [38;5;3m[RouterExplorer] [39m[32mMapped {/api/tasks/queue/:taskType/:taskId, DELETE} route[39m[38;5;3m +0ms[39m
[32m[Nest] 77876  - [39m06/19/2026, 3:25:20 PM [32m    LOG[39m [38;5;3m[RoutesResolver] [39m[32mMetadataResource {/api/metadata}:[39m[38;5;3m +0ms[39m
[32m[Nest] 77876  - [39m06/19/2026, 3:25:20 PM [32m    LOG[39m [38;5;3m[RouterExplorer] [39m[32mMapped {/api/metadata/workflow, POST} route[39m[38;5;3m +0ms[39m
[32m[Nest] 77876  - [39m06/19/2026, 3:25:20 PM [32m    LOG[39m [38;5;3m[RouterExplorer] [39m[32mMapped {/api/metadata/workflow, PUT} route[39m[38;5;3m +0ms[39m
[32m[Nest] 77876  - [39m06/19/2026, 3:25:20 PM [32m    LOG[39m [38;5;3m[RouterExplorer] [39m[32mMapped {/api/metadata/workflow/:name, GET} route[39m[38;5;3m +0ms[39m
[32m[Nest] 77876  - [39m06/19/2026, 3:25:20 PM [32m    LOG[39m [38;5;3m[RouterExplorer] [39m[32mMapped {/api/metadata/workflow, GET} route[39m[38;5;3m +0ms[39m
[32m[Nest] 77876  - [39m06/19/2026, 3:25:20 PM [32m    LOG[39m [38;5;3m[RouterExplorer] [39m[32mMapped {/api/metadata/workflow/:name/:version, DELETE} route[39m[38;5;3m +0ms[39m
[32m[Nest] 77876  - [39m06/19/2026, 3:25:20 PM [32m    LOG[39m [38;5;3m[RouterExplorer] [39m[32mMapped {/api/metadata/taskdefs, POST} route[39m[38;5;3m +0ms[39m
[32m[Nest] 77876  - [39m06/19/2026, 3:25:20 PM [32m    LOG[39m [38;5;3m[RouterExplorer] [39m[32mMapped {/api/metadata/taskdefs, PUT} route[39m[38;5;3m +0ms[39m
[32m[Nest] 77876  - [39m06/19/2026, 3:25:20 PM [32m    LOG[39m [38;5;3m[RouterExplorer] [39m[32mMapped {/api/metadata/taskdefs/:name, GET} route[39m[38;5;3m +0ms[39m
[32m[Nest] 77876  - [39m06/19/2026, 3:25:20 PM [32m    LOG[39m [38;5;3m[RouterExplorer] [39m[32mMapped {/api/metadata/taskdefs, GET} route[39m[38;5;3m +0ms[39m
[32m[Nest] 77876  - [39m06/19/2026, 3:25:20 PM [32m    LOG[39m [38;5;3m[RouterExplorer] [39m[32mMapped {/api/metadata/taskdefs/:name, DELETE} route[39m[38;5;3m +0ms[39m
[32m[Nest] 77876  - [39m06/19/2026, 3:25:20 PM [32m    LOG[39m [38;5;3m[RoutesResolver] [39m[32mAdminResource {/api/admin}:[39m[38;5;3m +0ms[39m
[32m[Nest] 77876  - [39m06/19/2026, 3:25:20 PM [32m    LOG[39m [38;5;3m[RouterExplorer] [39m[32mMapped {/api/admin/config, GET} route[39m[38;5;3m +0ms[39m
[32m[Nest] 77876  - [39m06/19/2026, 3:25:20 PM [32m    LOG[39m [38;5;3m[RouterExplorer] [39m[32mMapped {/api/admin/task/:tasktype, GET} route[39m[38;5;3m +0ms[39m
[32m[Nest] 77876  - [39m06/19/2026, 3:25:20 PM [32m    LOG[39m [38;5;3m[RouterExplorer] [39m[32mMapped {/api/admin/sweep/requeue/:workflowId, POST} route[39m[38;5;3m +0ms[39m
[32m[Nest] 77876  - [39m06/19/2026, 3:25:20 PM [32m    LOG[39m [38;5;3m[RoutesResolver] [39m[32mEventResource {/api/event}:[39m[38;5;3m +0ms[39m
[32m[Nest] 77876  - [39m06/19/2026, 3:25:20 PM [32m    LOG[39m [38;5;3m[RouterExplorer] [39m[32mMapped {/api/event, POST} route[39m[38;5;3m +0ms[39m
[32m[Nest] 77876  - [39m06/19/2026, 3:25:20 PM [32m    LOG[39m [38;5;3m[RouterExplorer] [39m[32mMapped {/api/event, PUT} route[39m[38;5;3m +0ms[39m
[32m[Nest] 77876  - [39m06/19/2026, 3:25:20 PM [32m    LOG[39m [38;5;3m[RouterExplorer] [39m[32mMapped {/api/event, GET} route[39m[38;5;3m +1ms[39m
[32m[Nest] 77876  - [39m06/19/2026, 3:25:20 PM [32m    LOG[39m [38;5;3m[RouterExplorer] [39m[32mMapped {/api/event/:name, GET} route[39m[38;5;3m +0ms[39m
[32m[Nest] 77876  - [39m06/19/2026, 3:25:20 PM [32m    LOG[39m [38;5;3m[RouterExplorer] [39m[32mMapped {/api/event/queues, GET} route[39m[38;5;3m +0ms[39m
[32m[Nest] 77876  - [39m06/19/2026, 3:25:20 PM [32m    LOG[39m [38;5;3m[RouterExplorer] [39m[32mMapped {/api/event/queues/providers, GET} route[39m[38;5;3m +0ms[39m
[32m[Nest] 77876  - [39m06/19/2026, 3:25:20 PM [32m    LOG[39m [38;5;3m[RoutesResolver] [39m[32mWorkflowBulkResource {/api/workflow/bulk}:[39m[38;5;3m +0ms[39m
[32m[Nest] 77876  - [39m06/19/2026, 3:25:20 PM [32m    LOG[39m [38;5;3m[RouterExplorer] [39m[32mMapped {/api/workflow/bulk/pause, POST} route[39m[38;5;3m +0ms[39m
[32m[Nest] 77876  - [39m06/19/2026, 3:25:20 PM [32m    LOG[39m [38;5;3m[RouterExplorer] [39m[32mMapped {/api/workflow/bulk/resume, POST} route[39m[38;5;3m +0ms[39m
[32m[Nest] 77876  - [39m06/19/2026, 3:25:20 PM [32m    LOG[39m [38;5;3m[RouterExplorer] [39m[32mMapped {/api/workflow/bulk/restart, POST} route[39m[38;5;3m +0ms[39m
[32m[Nest] 77876  - [39m06/19/2026, 3:25:20 PM [32m    LOG[39m [38;5;3m[RouterExplorer] [39m[32mMapped {/api/workflow/bulk/retry, POST} route[39m[38;5;3m +0ms[39m
[32m[Nest] 77876  - [39m06/19/2026, 3:25:20 PM [32m    LOG[39m [38;5;3m[RouterExplorer] [39m[32mMapped {/api/workflow/bulk/terminate, POST} route[39m[38;5;3m +0ms[39m
[32m[Nest] 77876  - [39m06/19/2026, 3:25:20 PM [32m    LOG[39m [38;5;3m[RoutesResolver] [39m[32mHealthResource {/health}:[39m[38;5;3m +0ms[39m
[32m[Nest] 77876  - [39m06/19/2026, 3:25:20 PM [32m    LOG[39m [38;5;3m[RouterExplorer] [39m[32mMapped {/health, GET} route[39m[38;5;3m +0ms[39m
[32m[Nest] 77876  - [39m06/19/2026, 3:25:20 PM [32m    LOG[39m [38;5;3m[RoutesResolver] [39m[32mVersionResource {/api/version}:[39m[38;5;3m +0ms[39m
[32m[Nest] 77876  - [39m06/19/2026, 3:25:20 PM [32m    LOG[39m [38;5;3m[RouterExplorer] [39m[32mMapped {/api/version, GET} route[39m[38;5;3m +0ms[39m
[32m[Nest] 77876  - [39m06/19/2026, 3:25:20 PM [32m    LOG[39m [38;5;3m[NestApplication] [39m[32mNest application successfully started[39m[38;5;3m +2ms[39m
stdout | test/operator-loop.integration.test.ts > Operator Loop Integration with TestBarrier > should start, pause, resume and retry a workflow using the test barrier

==========================================================
  AgentMesh server-lite
  Version : 0.0.0
  Port    : 18080
  DB      : in-memory SQLite
  CORS    : *
==========================================================

Telemetry: disabled (set LANGFUSE_PUBLIC_KEY to enable)
Running migrations...
Migrations complete.
Initializing sync adapters...
Initializing AI modules...
Initializing execution engine wiring...
Starting sweeper loop...
Sweeper loop started
Creating NestJS app...
Initializing agent runtime wiring...
Initializing NestJS app...
Starting HTTP server...
Listening on http://localhost:18080

stderr | test/operator-loop.integration.test.ts > Operator Loop Integration with TestBarrier > should start, pause, resume and retry a workflow using the test barrier
[LLM] No ANTHROPIC_API_KEY or GEMINI_API_KEY set — agents will use stub LLM

[0mPOST /api/agents/commit_guard/run [33m404[0m 2.556 ms - 91[0m
stderr | test/operator-loop.integration.test.ts > Operator Loop Integration with TestBarrier > should start, pause, resume and retry a workflow using the test barrier
Run response failed: 404 {"message":"Cannot POST /api/agents/commit_guard/run","error":"Not Found","statusCode":404}

stdout | test/operator-loop.integration.test.ts > Operator Loop Integration with TestBarrier > should start, pause, resume and retry a workflow using the test barrier
[ProcessManager] Shutting down: telemetry
[ProcessManager] Shutting down: event-listeners
[ProcessManager] Shutting down: database
[ProcessManager] Shutting down: cron-scheduler
[ProcessManager] Shutting down: agent-worker-pool
[ProcessManager] Shutting down: sweeper-loop

stderr | test/operator-loop.integration.test.ts > Operator Loop Integration with TestBarrier > should start, pause, resume and retry a workflow using the test barrier
[AgentWorkerPool] Error polling agent_plan: Error: driver has already been destroyed
    at RuntimeDriver.acquireConnection (file:///Users/friday/Downloads/Agent_mesh/node_modules/.pnpm/kysely@0.27.6/node_modules/kysely/dist/esm/driver/runtime-driver.js:39:19)
    at DefaultConnectionProvider.provideConnection (file:///Users/friday/Downloads/Agent_mesh/node_modules/.pnpm/kysely@0.27.6/node_modules/kysely/dist/esm/driver/default-connection-provider.js:8:47)
    at DefaultQueryExecutor.provideConnection (file:///Users/friday/Downloads/Agent_mesh/node_modules/.pnpm/kysely@0.27.6/node_modules/kysely/dist/esm/query-executor/default-query-executor.js:20:41)
    at DefaultQueryExecutor.executeQuery (file:///Users/friday/Downloads/Agent_mesh/node_modules/.pnpm/kysely@0.27.6/node_modules/kysely/dist/esm/query-executor/query-executor-base.js:34:27)
    at UpdateQueryBuilder.execute (file:///Users/friday/Downloads/Agent_mesh/node_modules/.pnpm/kysely@0.27.6/node_modules/kysely/dist/esm/query-builder/update-query-builder.js:453:51)
    at SqliteQueueDAO._popMessages (/Users/friday/Downloads/Agent_mesh/sqlite-persistence/src/SQLiteQueueDAO.ts:160:8)
    at SqliteQueueDAO.pollMessages (/Users/friday/Downloads/Agent_mesh/sqlite-persistence/src/SQLiteQueueDAO.ts:124:40)
    at runNextTicks (node:internal/process/task_queues:65:5)
    at listOnTimeout (node:internal/timers:549:9)
    at processTimers (node:internal/timers:523:7)
[AgentWorkerPool] Error polling agent_execute: Error: driver has already been destroyed
    at RuntimeDriver.acquireConnection (file:///Users/friday/Downloads/Agent_mesh/node_modules/.pnpm/kysely@0.27.6/node_modules/kysely/dist/esm/driver/runtime-driver.js:39:19)
    at DefaultConnectionProvider.provideConnection (file:///Users/friday/Downloads/Agent_mesh/node_modules/.pnpm/kysely@0.27.6/node_modules/kysely/dist/esm/driver/default-connection-provider.js:8:47)
    at DefaultQueryExecutor.provideConnection (file:///Users/friday/Downloads/Agent_mesh/node_modules/.pnpm/kysely@0.27.6/node_modules/kysely/dist/esm/query-executor/default-query-executor.js:20:41)
    at DefaultQueryExecutor.executeQuery (file:///Users/friday/Downloads/Agent_mesh/node_modules/.pnpm/kysely@0.27.6/node_modules/kysely/dist/esm/query-executor/query-executor-base.js:34:27)
    at UpdateQueryBuilder.execute (file:///Users/friday/Downloads/Agent_mesh/node_modules/.pnpm/kysely@0.27.6/node_modules/kysely/dist/esm/query-builder/update-query-builder.js:453:51)
    at SqliteQueueDAO._popMessages (/Users/friday/Downloads/Agent_mesh/sqlite-persistence/src/SQLiteQueueDAO.ts:160:8)
    at SqliteQueueDAO.pollMessages (/Users/friday/Downloads/Agent_mesh/sqlite-persistence/src/SQLiteQueueDAO.ts:124:40)
    at runNextTicks (node:internal/process/task_queues:65:5)
    at listOnTimeout (node:internal/timers:549:9)
    at processTimers (node:internal/timers:523:7)
[AgentWorkerPool] Error polling agent_review: Error: driver has already been destroyed
    at RuntimeDriver.acquireConnection (file:///Users/friday/Downloads/Agent_mesh/node_modules/.pnpm/kysely@0.27.6/node_modules/kysely/dist/esm/driver/runtime-driver.js:39:19)
    at DefaultConnectionProvider.provideConnection (file:///Users/friday/Downloads/Agent_mesh/node_modules/.pnpm/kysely@0.27.6/node_modules/kysely/dist/esm/driver/default-connection-provider.js:8:47)
    at DefaultQueryExecutor.provideConnection (file:///Users/friday/Downloads/Agent_mesh/node_modules/.pnpm/kysely@0.27.6/node_modules/kysely/dist/esm/query-executor/default-query-executor.js:20:41)
    at DefaultQueryExecutor.executeQuery (file:///Users/friday/Downloads/Agent_mesh/node_modules/.pnpm/kysely@0.27.6/node_modules/kysely/dist/esm/query-executor/query-executor-base.js:34:27)
    at UpdateQueryBuilder.execute (file:///Users/friday/Downloads/Agent_mesh/node_modules/.pnpm/kysely@0.27.6/node_modules/kysely/dist/esm/query-builder/update-query-builder.js:453:51)
    at SqliteQueueDAO._popMessages (/Users/friday/Downloads/Agent_mesh/sqlite-persistence/src/SQLiteQueueDAO.ts:160:8)
    at SqliteQueueDAO.pollMessages (/Users/friday/Downloads/Agent_mesh/sqlite-persistence/src/SQLiteQueueDAO.ts:124:40)
    at runNextTicks (node:internal/process/task_queues:65:5)
    at listOnTimeout (node:internal/timers:549:9)
    at processTimers (node:internal/timers:523:7)
[AgentWorkerPool] Error polling LLM_CHAT_COMPLETE: Error: driver has already been destroyed
    at RuntimeDriver.acquireConnection (file:///Users/friday/Downloads/Agent_mesh/node_modules/.pnpm/kysely@0.27.6/node_modules/kysely/dist/esm/driver/runtime-driver.js:39:19)
    at DefaultConnectionProvider.provideConnection (file:///Users/friday/Downloads/Agent_mesh/node_modules/.pnpm/kysely@0.27.6/node_modules/kysely/dist/esm/driver/default-connection-provider.js:8:47)
    at DefaultQueryExecutor.provideConnection (file:///Users/friday/Downloads/Agent_mesh/node_modules/.pnpm/kysely@0.27.6/node_modules/kysely/dist/esm/query-executor/default-query-executor.js:20:41)
    at DefaultQueryExecutor.executeQuery (file:///Users/friday/Downloads/Agent_mesh/node_modules/.pnpm/kysely@0.27.6/node_modules/kysely/dist/esm/query-executor/query-executor-base.js:34:27)
    at UpdateQueryBuilder.execute (file:///Users/friday/Downloads/Agent_mesh/node_modules/.pnpm/kysely@0.27.6/node_modules/kysely/dist/esm/query-builder/update-query-builder.js:453:51)
    at SqliteQueueDAO._popMessages (/Users/friday/Downloads/Agent_mesh/sqlite-persistence/src/SQLiteQueueDAO.ts:160:8)
    at SqliteQueueDAO.pollMessages (/Users/friday/Downloads/Agent_mesh/sqlite-persistence/src/SQLiteQueueDAO.ts:124:40)
    at runNextTicks (node:internal/process/task_queues:65:5)
    at listOnTimeout (node:internal/timers:549:9)
    at processTimers (node:internal/timers:523:7)
[AgentWorkerPool] Error polling LLM_GENERATE_EMBEDDINGS: Error: driver has already been destroyed
    at RuntimeDriver.acquireConnection (file:///Users/friday/Downloads/Agent_mesh/node_modules/.pnpm/kysely@0.27.6/node_modules/kysely/dist/esm/driver/runtime-driver.js:39:19)
    at DefaultConnectionProvider.provideConnection (file:///Users/friday/Downloads/Agent_mesh/node_modules/.pnpm/kysely@0.27.6/node_modules/kysely/dist/esm/driver/default-connection-provider.js:8:47)
    at DefaultQueryExecutor.provideConnection (file:///Users/friday/Downloads/Agent_mesh/node_modules/.pnpm/kysely@0.27.6/node_modules/kysely/dist/esm/query-executor/default-query-executor.js:20:41)
    at DefaultQueryExecutor.executeQuery (file:///Users/friday/Downloads/Agent_mesh/node_modules/.pnpm/kysely@0.27.6/node_modules/kysely/dist/esm/query-executor/query-executor-base.js:34:27)
    at UpdateQueryBuilder.execute (file:///Users/friday/Downloads/Agent_mesh/node_modules/.pnpm/kysely@0.27.6/node_modules/kysely/dist/esm/query-builder/update-query-builder.js:453:51)
    at SqliteQueueDAO._popMessages (/Users/friday/Downloads/Agent_mesh/sqlite-persistence/src/SQLiteQueueDAO.ts:160:8)
    at SqliteQueueDAO.pollMessages (/Users/friday/Downloads/Agent_mesh/sqlite-persistence/src/SQLiteQueueDAO.ts:124:40)
    at runNextTicks (node:internal/process/task_queues:65:5)
    at listOnTimeout (node:internal/timers:549:9)
    at processTimers (node:internal/timers:523:7)
[AgentWorkerPool] Error polling SANDBOX_EXECUTE: Error: driver has already been destroyed
    at RuntimeDriver.acquireConnection (file:///Users/friday/Downloads/Agent_mesh/node_modules/.pnpm/kysely@0.27.6/node_modules/kysely/dist/esm/driver/runtime-driver.js:39:19)
    at DefaultConnectionProvider.provideConnection (file:///Users/friday/Downloads/Agent_mesh/node_modules/.pnpm/kysely@0.27.6/node_modules/kysely/dist/esm/driver/default-connection-provider.js:8:47)
    at DefaultQueryExecutor.provideConnection (file:///Users/friday/Downloads/Agent_mesh/node_modules/.pnpm/kysely@0.27.6/node_modules/kysely/dist/esm/query-executor/default-query-executor.js:20:41)
    at DefaultQueryExecutor.executeQuery (file:///Users/friday/Downloads/Agent_mesh/node_modules/.pnpm/kysely@0.27.6/node_modules/kysely/dist/esm/query-executor/query-executor-base.js:34:27)
    at UpdateQueryBuilder.execute (file:///Users/friday/Downloads/Agent_mesh/node_modules/.pnpm/kysely@0.27.6/node_modules/kysely/dist/esm/query-builder/update-query-builder.js:453:51)
    at SqliteQueueDAO._popMessages (/Users/friday/Downloads/Agent_mesh/sqlite-persistence/src/SQLiteQueueDAO.ts:160:8)
    at SqliteQueueDAO.pollMessages (/Users/friday/Downloads/Agent_mesh/sqlite-persistence/src/SQLiteQueueDAO.ts:124:40)
    at SqliteQueueDAO.pop (/Users/friday/Downloads/Agent_mesh/sqlite-persistence/src/SQLiteQueueDAO.ts:111:22)
    at TaskService.poll (/Users/friday/Downloads/Agent_mesh/rest/src/services/TaskService.ts:38:21)
    at AgentWorkerPool.pollLoop (/Users/friday/Downloads/Agent_mesh/agent-runtime/src/agent/AgentWorkerPool.ts:95:22)

stdout | test/operator-loop.integration.test.ts > Operator Loop Integration with TestBarrier > should start, pause, resume and retry a workflow using the test barrier
Sweeper loop stopped
[ProcessManager] Shutting down: http-server

 ❯ test/operator-loop.integration.test.ts (1 test | 1 failed) 520ms
   × Operator Loop Integration with TestBarrier > should start, pause, resume and retry a workflow using the test barrier 520ms
     → expected false to be true // Object.is equality

⎯⎯⎯⎯⎯⎯⎯ Failed Tests 1 ⎯⎯⎯⎯⎯⎯⎯

 FAIL  test/operator-loop.integration.test.ts > Operator Loop Integration with TestBarrier > should start, pause, resume and retry a workflow using the test barrier
AssertionError: expected false to be true // Object.is equality

- Expected
+ Received

- true
+ false

 ❯ test/operator-loop.integration.test.ts:69:25
     67|         console.error('Run response failed:', runRes.status, await run…
     68|       }
     69|       expect(runRes.ok).toBe(true);
       |                         ^
     70|       const { workflowId } = await runRes.json();
     71|       expect(workflowId).toBeDefined();

⎯⎯⎯⎯⎯⎯⎯⎯⎯⎯⎯⎯⎯⎯⎯⎯⎯⎯⎯⎯⎯⎯⎯⎯[1/1]⎯

 Test Files  1 failed (1)
      Tests  1 failed (1)
   Start at  15:25:19
   Duration  1.56s (transform 270ms, setup 0ms, collect 811ms, tests 520ms, environment 0ms, prepare 45ms)

/Users/friday/Downloads/Agent_mesh/server-lite:
 ERR_PNPM_RECURSIVE_RUN_FIRST_FAIL  @agentmesh/server-lite@0.0.0 test: `vitest run`
Exit status 1
